📁 نتائج API للمجلد 802526236: {success: false, message: 'المجلد غير موجود', files: Array(0)}
file-manager:8598 📂 المجلد 802526236 فارغ أو لا يحتوي على ملفات مدعومة
file-manager:8571 🔄 جلب ملفات المجلد: 802525048 (ID: 802525048)
file-manager:5539 📊 البيانات المستلمة من API: {total_files: {…}, total_storage_size: {…}, today_files: {…}, file_types_breakdown: {…}, duplicate_files: {…}, …}
file-manager:5611 📊 تحديث إحصائيات أنواع الملفات: {images: {…}, pdf: {…}, excel: {…}, word: {…}, archive: {…}, …}
file-manager:5630 ✅ تم تحديث إحصائيات أنواع الملفات بنجاح
file-manager:5570 ✅ تم تحديث الإحصائيات بنجاح
file-manager:8592 📁 نتائج API للمجلد 802525048: {success: false, message: 'المجلد غير موجود', files: Array(0)}
file-manager:8598 📂 المجلد 802525048 فارغ أو لا يحتوي على ملفات مدعومة
file-manager:8571 🔄 جلب ملفات المجلد: 802521062 (ID: 802521062)
file-manager:8592 📁 نتائج API للمجلد 802521062: {success: false, message: 'المجلد غير موجود', files: Array(0)}
file-manager:8598 📂 المجلد 802521062 فارغ أو لا يحتوي على ملفات مدعومة
file-manager:8571 🔄 جلب ملفات المجلد: 802520817 (ID: 802520817)
file-manager:8592 📁 نتائج API للمجلد 802520817: {success: false, message: 'المجلد غير موجود', files: Array(0)}
file-manager:8598 📂 المجلد 802520817 فارغ أو لا يحتوي على ملفات مدعومة
file-manager:8571 🔄 جلب ملفات المجلد: 802520502 (ID: 802520502)
file-manager:8592 📁 نتائج API للمجلد 802520502: {success: false, message: 'المجلد غير موجود', files: Array(0)}
file-manager:8598 📂 المجلد 802520502 فارغ أو لا يحتوي على ملفات مدعومة
file-manager:8571 🔄 جلب ملفات المجلد: 802520098 (ID: 802520098)
file-manager:8592 📁 نتائج API للمجلد 802520098: {success: false, message: 'المجلد غير موجود', files: Array(0)}
file-manager:8598 📂 المجلد 802520098 فارغ أو لا يحتوي على ملفات مدعومة
file-manager:8571 🔄 جلب ملفات المجلد: 802519017 (ID: 802519017)
file-manager:8592 📁 نتائج API للمجلد 802519017: {success: false, message: 'المجلد غير موجود', files: Array(0)}
file-manager:8598 📂 المجلد 802519017 فارغ أو لا يحتوي على ملفات مدعومة
file-manager:8571 🔄 جلب ملفات المجلد: 802514760 (ID: 802514760)
file-manager:8592 📁 نتائج API للمجلد 802514760: {success: false, message: 'المجلد غير موجود', files: Array(0)}
file-manager:8598 📂 المجلد 802514760 فارغ أو لا يحتوي على ملفات مدعومة
file-manager:8571 🔄 جلب ملفات المجلد: 802514398 (ID: 802514398)
file-manager:8592 📁 نتائج API للمجلد 802514398: {success: false, message: 'المجلد غير موجود', files: Array(0)}
file-manager:8598 📂 المجلد 802514398 فارغ أو لا يحتوي على ملفات مدعومة
file-manager:8571 🔄 جلب ملفات المجلد: 802512442 (ID: 802512442)
file-manager:8592 📁 نتائج API للمجلد 802512442: {success: false, message: 'المجلد غير موجود', files: Array(0)}
file-manager:8598 📂 المجلد 802512442 فارغ أو لا يحتوي على ملفات مدعومة
file-manager:5539 📊 البيانات المستلمة من API: {total_files: {…}, total_storage_size: {…}, today_files: {…}, file_types_breakdown: {…}, duplicate_files: {…}, …}
file-manager:5611 📊 تحديث إحصائيات أنواع الملفات: {images: {…}, pdf: {…}, excel: {…}, word: {…}, archive: {…}, …}
file-manager:5630 ✅ تم تحديث إحصائيات أنواع الملفات بنجاح
file-manager:5570 ✅ تم تحديث الإحصائيات بنجاح
file-manager:5539 📊 البيانات المستلمة من API: 